<html>
<body>
<pre>
<h1>µVision Build Log</h1>
<h2>Tool Versions:</h2>
IDE-Version: ¦ÌVision V5.25.2.0
Copyright (C) 2018 ARM Ltd and ARM Germany GmbH. All rights reserved.
License Information: hust hust, hust, LIC=QF82Z-JHGI9-01ZP1-CJX5N-GB9KP-QVEZU
 
Tool Versions:
Toolchain:       MDK-ARM Plus  Version: 5.25.2.0
Toolchain Path:  D:\Keil_v5\ARM\ARMCC\Bin
C Compiler:      Armcc.exe V5.06 update 6 (build 750)
Assembler:       Armasm.exe V5.06 update 6 (build 750)
Linker/Locator:  ArmLink.exe V5.06 update 6 (build 750)
Library Manager: ArmAr.exe V5.06 update 6 (build 750)
Hex Converter:   FromElf.exe V5.06 update 6 (build 750)
CPU DLL:         SARMCM3.DLL V5.25.2.0
Dialog DLL:      DCM.DLL V1.17.1.0
Target DLL:      STLink\ST-LINKIII-KEIL_SWO.dll V3.0.1.0
Dialog DLL:      TCM.DLL V1.35.1.0
 
<h2>Project:</h2>
D:\desktop_hust\FOC_DREs\Ethercat_f4\MDK-ARM\Ethercat_f4.uvprojx
Project File Date:  08/09/2018

<h2>Output:</h2>
*** Using Compiler 'V5.06 update 6 (build 750)', folder: 'D:\Keil_v5\ARM\ARMCC\Bin'
Rebuild target 'Ethercat_f4'
assembling startup_stm32f407xx.s...
compiling usbd_ioreq.c...
compiling usbd_cdc.c...
compiling usbd_ctlreq.c...
compiling usbd_core.c...
compiling stm32f4xx_hal_cortex.c...
compiling stm32f4xx_hal_tim_ex.c...
compiling stm32f4xx_hal_flash_ramfunc.c...
compiling stm32f4xx_hal_flash_ex.c...
compiling stm32f4xx_hal_rcc_ex.c...
compiling stm32f4xx_hal_dma.c...
compiling stm32f4xx_hal_gpio.c...
compiling stm32f4xx_hal_pwr.c...
compiling stm32f4xx_hal_pwr_ex.c...
compiling stm32f4xx_hal.c...
compiling stm32f4xx_hal_rcc.c...
compiling stm32f4xx_hal_spi.c...
compiling stm32f4xx_hal_dma_ex.c...
compiling stm32f4xx_hal_tim.c...
compiling stm32f4xx_hal_pcd_ex.c...
compiling stm32f4xx_hal_flash.c...
compiling stm32f4xx_hal_pcd.c...
compiling tim.c...
compiling spi.c...
compiling stm32f4xx_ll_usb.c...
compiling stm32f4xx_it.c...
compiling gpio.c...
compiling main.c...
../Src/main.c(161): warning:  #111-D: statement is unreachable
  	HW_Release();
../Src/main.c: 1 warning, 0 errors
compiling stm32f4xx_hal_msp.c...
compiling usb_device.c...
compiling usbd_cdc_if.c...
compiling aoeappl.c...
compiling bootmode.c...
compiling usbd_desc.c...
compiling usbd_conf.c...
compiling ecataoe.c...
compiling diag.c...
compiling ecatcoe.c...
compiling ecateoe.c...
compiling ecatfoe.c...
compiling coeappl.c...
compiling ecatsoe.c...
compiling el9800appl.c...
compiling ecatappl.c...
compiling emcy.c...
compiling eoeappl.c...
compiling ecatslv.c...
compiling foeappl.c...
compiling el9800hw.c...
compiling mailbox.c...
compiling objdef.c...
..\Hardware\EtherCAT\src\objdef.c(729): warning:  #111-D: statement is unreachable
          break;
..\Hardware\EtherCAT\src\objdef.c(890): warning:  #767-D: conversion from pointer to smaller integer
              if((((UINT16)pVarPtr) & 0x1) == 0x1)
..\Hardware\EtherCAT\src\objdef.c(897): warning:  #767-D: conversion from pointer to smaller integer
                  pVarPtr = (UINT16 MBXMEM *)(((MEM_ADDR)pVarPtr)& ~(MEM_ADDR)0x1);
..\Hardware\EtherCAT\src\objdef.c: 3 warnings, 0 errors
compiling EXIT.c...
compiling SPI1.c...
..\Hardware\EtherCAT\Hardware\SPI1.c(441): warning:  #61-D: integer operation result is out of range
      param32_1.Val = PRAM_RW_BUSY_32B; /*TODO:replace with #defines*/
..\Hardware\EtherCAT\Hardware\SPI1.c(441): warning:  #68-D: integer conversion resulted in a change of sign
      param32_1.Val = PRAM_RW_BUSY_32B; /*TODO:replace with #defines*/
..\Hardware\EtherCAT\Hardware\SPI1.c(484): warning:  #140-D: too many arguments in function call
          param32_1.Val = SPIReadBurstMode (PRAM_READ_FIFO_REG);
..\Hardware\EtherCAT\Hardware\SPI1.c(536): warning:  #61-D: integer operation result is out of range
      param32_1.Val = PRAM_RW_BUSY_32B; /*TODO:replace with #defines*/
..\Hardware\EtherCAT\Hardware\SPI1.c(536): warning:  #68-D: integer conversion resulted in a change of sign
      param32_1.Val = PRAM_RW_BUSY_32B; /*TODO:replace with #defines*/
..\Hardware\EtherCAT\Hardware\SPI1.c: 5 warnings, 0 errors
compiling sdoserv.c...
compiling Timer.c...
compiling global.c...
compiling ad7606.c...
..\Hardware\AD7606\ad7606.c(197): warning:  #550-D: variable "status"  was set but never used
  	HAL_StatusTypeDef status = HAL_OK;
..\Hardware\AD7606\ad7606.c: 1 warning, 0 errors
compiling system_stm32f4xx.c...
compiling gain_adj.c...
linking...
Program Size: Code=30916 RO-data=2000 RW-data=1896 ZI-data=18888  
".\Ethercat_f4\Ethercat_f4.axf" - 0 Error(s), 10 Warning(s).

<h2>Software Packages used:</h2>

Package Vendor: ARM
                http://www.keil.com/pack/ARM.CMSIS.5.3.0.pack
                ARM.CMSIS.5.3.0
                CMSIS (Cortex Microcontroller Software Interface Standard)
   * Component: CORE Version: 5.1.1

Package Vendor: Keil
                http://www.keil.com/pack/Keil.STM32F4xx_DFP.2.13.0.pack
                Keil.STM32F4xx_DFP.2.13.0
                STMicroelectronics STM32F4 Series Device Support, Drivers and Examples

<h2>Collection of Component include folders:</h2>
  .\RTE\_Ethercat_f4
  D:\Keil_v5\ARM\PACK\ARM\CMSIS\5.3.0\CMSIS\Include
  D:\Keil_v5\ARM\PACK\Keil\STM32F4xx_DFP\2.13.0\Drivers\CMSIS\Device\ST\STM32F4xx\Include

<h2>Collection of Component Files used:</h2>

   * Component: ARM::CMSIS:CORE:5.1.1
Build Time Elapsed:  00:02:17
</pre>
</body>
</html>
