<html>
<body>
<pre>
<h1>µVision Build Log</h1>
<h2>Tool Versions:</h2>
IDE-Version: ¦ÌVision V5.15
Copyright (C) 2015 ARM Ltd and ARM Germany GmbH. All rights reserved.
License Information: 1 2, 3, LIC=TA330-BBGLD-BW52G-V1FZ9-7ZGPR-AGWXZ
 
Tool Versions:
Toolchain:       MDK-ARM Professional  Version: 5.15.0
Toolchain Path:  D:\Keil_v5\ARM\ARMCC\Bin
C Compiler:      Armcc.exe V5.05 update 2 (build 169)
Assembler:       Armasm.exe V5.05 update 2 (build 169)
Linker/Locator:  ArmLink.exe V5.05 update 2 (build 169)
Library Manager: ArmAr.exe V5.05 update 2 (build 169)
Hex Converter:   FromElf.exe V5.05 update 2 (build 169)
CPU DLL:         SARMCM3.DLL V5.15.0
Dialog DLL:      DCM.DLL V1.13.2.0
Target DLL:      STLink\ST-LINKIII-KEIL_SWO.dll V2.0.15.0_KEIL
Dialog DLL:      TCM.DLL V1.14.5.0
 
<h2>Project:</h2>
C:\Users\admin\Desktop\Ethercat_test\MDK-ARM\Ethercat_test.uvprojx
Project File Date:  05/24/2018

<h2>Output:</h2>
*** Using Compiler 'V5.05 update 2 (build 169)', folder: 'D:\Keil_v5\ARM\ARMCC\Bin'
Rebuild target 'Ethercat_test'
assembling startup_stm32f407xx.s...
compiling usbd_ctlreq.c...
compiling usbd_ioreq.c...
compiling usbd_cdc.c...
compiling usbd_core.c...
compiling stm32f4xx_hal_cortex.c...
compiling stm32f4xx_hal_tim_ex.c...
compiling stm32f4xx_hal_flash_ramfunc.c...
compiling stm32f4xx_hal_rcc_ex.c...
compiling stm32f4xx_hal_flash_ex.c...
compiling stm32f4xx_hal_dma.c...
compiling stm32f4xx_hal_gpio.c...
compiling stm32f4xx_hal_pwr.c...
compiling stm32f4xx_hal_pwr_ex.c...
compiling stm32f4xx_hal.c...
compiling stm32f4xx_hal_rcc.c...
compiling stm32f4xx_hal_tim.c...
compiling stm32f4xx_hal_spi.c...
compiling stm32f4xx_hal_dma_ex.c...
compiling stm32f4xx_hal_flash.c...
compiling stm32f4xx_hal_pcd_ex.c...
compiling stm32f4xx_hal_pcd.c...
compiling stm32f4xx_ll_usb.c...
compiling tim.c...
compiling spi.c...
compiling main.c...
../Src/main.c(160): warning:  #111-D: statement is unreachable
        HW_Release();
../Src/main.c: 1 warning, 0 errors
compiling stm32f4xx_it.c...
compiling gpio.c...
compiling stm32f4xx_hal_msp.c...
compiling usb_device.c...
compiling usbd_cdc_if.c...
compiling usbd_conf.c...
compiling usbd_desc.c...
compiling system_stm32f4xx.c...
compiling aoeappl.c...
compiling bootmode.c...
compiling coeappl.c...
compiling diag.c...
compiling ecataoe.c...
compiling ecatappl.c...
compiling ecatcoe.c...
compiling ecateoe.c...
compiling ecatfoe.c...
compiling ecatslv.c...
compiling ecatsoe.c...
compiling el9800appl.c...
..\Hardware\EtherCAT\src\el9800appl.c(203): warning:  #940-D: missing return statement at end of non-void function "APPL_StopOutputHandler"
  }
..\Hardware\EtherCAT\src\el9800appl.c: 1 warning, 0 errors
compiling el9800hw.c...
compiling emcy.c...
compiling eoeappl.c...
compiling foeappl.c...
compiling mailbox.c...
compiling objdef.c...
..\Hardware\EtherCAT\src\objdef.c(729): warning:  #111-D: statement is unreachable
          break;
..\Hardware\EtherCAT\src\objdef.c(890): warning:  #767-D: conversion from pointer to smaller integer
              if((((
INT16)pVarPtr) & 0x1) == 0x1)
..\Hardware\EtherCAT\src\objdef.c(897): warning:  #767-D: conversion from pointer to smaller integer
                  pVarPtr = (
INT16 
BXMEM *)(((
EM_ADDR)pVarPtr)& ~(MEM_ADDR)0x1);
..\Hardware\EtherCAT\src\objdef.c: 3 warnings, 0 errors
compiling sdoserv.c...
compiling EXIT.c...
compiling SPI1.c...
..\Hardware\EtherCAT\Hardware\SPI1.c(156): warning:  #550-D: variable "status" was set but never used
      HAL_StatusTypeDef status = HAL_OK;
..\Hardware\EtherCAT\Hardware\SPI1.c(439): warning:  #61-D: integer operation result is out of range
      param32_1.Val = 
RAM_RW_BUSY_32B; /*TODO:replace with #defines*/
..\Hardware\EtherCAT\Hardware\SPI1.c(439): warning:  #68-D: integer conversion resulted in a change of sign
      param32_1.Val = 
RAM_RW_BUSY_32B; /*TODO:replace with #defines*/
..\Hardware\EtherCAT\Hardware\SPI1.c(482): warning:  #140-D: too many arguments in function call
          param32_1.Val = SPIReadBurstMode (
RAM_READ_FIFO_REG);
..\Hardware\EtherCAT\Hardware\SPI1.c(534): warning:  #61-D: integer operation result is out of range
      param32_1.Val = 
RAM_RW_BUSY_32B; /*TODO:replace with #defines*/
..\Hardware\EtherCAT\Hardware\SPI1.c(534): warning:  #68-D: integer conversion resulted in a change of sign
      param32_1.Val = 
RAM_RW_BUSY_32B; /*TODO:replace with #defines*/
..\Hardware\EtherCAT\Hardware\SPI1.c: 6 warnings, 0 errors
compiling Timer.c...
compiling global.c...
compiling ad7606.c...
..\Hardware\AD7606\ad7606.c(197): warning:  #550-D: variable "status" was set but never used
        HAL_StatusTypeDef status = HAL_OK;
..\Hardware\AD7606\ad7606.c: 1 warning, 0 errors
compiling gain_adj.c...
linking...
Program Size: Code=31376 RO-data=2000 RW-data=1900 ZI-data=18884  
"Ethercat_test\Ethercat_test.axf" - 0 Error(s), 12 Warning(s).

<h2>Software Packages used:</h2>

Package Vendor: ARM
                http://www.keil.com/pack/ARM.CMSIS.4.3.0.pack
                ARM::CMSIS:CORE:4.1.0
                CMSIS (Cortex Microcontroller Software Interface Standard)
   * Component: CORE Version: 4.1.0

<h2>Collection of Component include folders:</h2>
  C:\Users\admin\Desktop\Ethercat_test\MDK-ARM\RTE
  D:\Keil_v5\ARM\PACK\ARM\CMSIS\4.3.0\CMSIS\Include
  D:\Keil_v5\ARM\PACK\Keil\STM32F4xx_DFP\2.11.0\Drivers\CMSIS\Device\ST\STM32F4xx\Include

<h2>Collection of Component Files used:</h2>

   * Component: ARM::CMSIS:CORE:4.1.0
</pre>
</body>
</html>
